[eventS] 500 3011270673589162824 [purchaseSet] 30 5235127575259468424 [weeklyData] 7 144838431866189873 [brandData] 18 7957517975282959316 [usersData] 30 8756464028927728129
