[eventS] 300 17922222056063335357 [purchaseSet] 300 17922222056063335357 [weeklyData] 7 6774440025561285159 [brandData] 53 745941407701560619 [usersData] 206 231870025905306929
