[eventS] 200 7763302290924706323 [purchaseSet] 10 10835834335209909704 [weeklyData] 7 12999128784493908204 [brandData] 8 16176373717986376521 [usersData] 10 1054626476552412303
