[recommendations(Top recommendations)] 10 almea( 0.1279) beauty-free( 0.1153) biofollica( 0.0695) deoproce( 0.0958) estrade( 0.0986) likato( 0.0886) missha( 0.1032) profhenna( 0.1079) roubloff( 0.1216) ypsed( 0.0718)
