[originalES(Original read from dataset)] 30 14112606467310379655 [filteredES(Events indexed)] 30 10218966595965943373 [hitsData(Report traffic)] 4 view(13.00) remove_from_cart( 5.00) cart( 1.00) purchase(11.00) [amountData(Report amount)] 4 view(47.97) remove_from_cart(20.13) cart( 0.63) purchase(49.32)
