[eventS] 49 7584936352554356154 [purchaseSet] 6 12003309466084639515 [weeklyData] 7 4868870355578892091 [brandData] 2 11188336870243159239 [usersData] 1 11654485409030856567
