Activity found: SUNDAY(25) MONDAY(36) TUESDAY(32) WEDNESDAY(32) THURSDAY(25) FRIDAY(32) SATURDAY(18) Records read: 200 Valid records: 200 Max activity: 36 Day of Max activity: MONDAY
