Activity found: SUNDAY(0) MONDAY(0) TUESDAY(5) WEDNESDAY(0) THURSDAY(0) FRIDAY(0) SATURDAY(0) Records read: 5 Valid records: 5 Max activity: 5 Day of Max activity: TUESDAY
